> Task :app:preBuild UP-TO-DATE
> Task :app:preDebugBuild UP-TO-DATE
> Task :app:mergeDebugNativeDebugMetadata NO-SOURCE
> Task :app:javaPreCompileDebug UP-TO-DATE
> Task :AryanYTEngine:preBuild UP-TO-DATE
> Task :AryanYTEngine:preDebugBuild UP-TO-DATE
> Task :AryanYTEngine:writeDebugAarMetadata UP-TO-DATE
> Task :app:checkDebugAarMetadata UP-TO-DATE
> Task :app:generateDebugResValues UP-TO-DATE
> Task :AryanYTEngine:generateDebugResValues UP-TO-DATE
> Task :AryanYTEngine:generateDebugResources UP-TO-DATE
> Task :AryanYTEngine:packageDebugResources UP-TO-DATE
> Task :app:mapDebugSourceSetPaths
> Task :app:generateDebugResources
> Task :app:packageDebugResources
> Task :app:createDebugCompatibleScreenManifests UP-TO-DATE
> Task :app:extractDeepLinksDebug UP-TO-DATE
> Task :AryanYTEngine:extractDeepLinksDebug UP-TO-DATE
> Task :AryanYTEngine:processDebugManifest UP-TO-DATE
> Task :app:parseDebugLocalResources
> Task :app:processDebugMainManifest
> Task :app:processDebugManifest
> Task :AryanYTEngine:compileDebugLibraryResources UP-TO-DATE
> Task :AryanYTEngine:parseDebugLocalResources UP-TO-DATE
> Task :AryanYTEngine:generateDebugRFile UP-TO-DATE
> Task :AryanYTEngine:extractDebugProto UP-TO-DATE
> Task :AryanYTEngine:extractIncludeDebugProto UP-TO-DATE
> Task :AryanYTEngine:extractProto UP-TO-DATE
> Task :AryanYTEngine:generateDebugProto UP-TO-DATE
> Task :AryanYTEngine:javaPreCompileDebug UP-TO-DATE
> Task :AryanYTEngine:compileDebugJavaWithJavac UP-TO-DATE
> Task :AryanYTEngine:bundleLibCompileToJarDebug UP-TO-DATE
> Task :app:mergeDebugShaders UP-TO-DATE
> Task :app:compileDebugShaders NO-SOURCE
> Task :app:generateDebugAssets UP-TO-DATE
> Task :AryanYTEngine:mergeDebugShaders UP-TO-DATE
> Task :AryanYTEngine:compileDebugShaders NO-SOURCE
> Task :AryanYTEngine:generateDebugAssets UP-TO-DATE
> Task :AryanYTEngine:packageDebugAssets UP-TO-DATE
> Task :app:mergeDebugAssets UP-TO-DATE
> Task :app:compressDebugAssets UP-TO-DATE
> Task :app:processDebugJavaRes NO-SOURCE
> Task :AryanYTEngine:processDebugJavaRes UP-TO-DATE
> Task :app:mergeDebugJavaResource UP-TO-DATE
> Task :app:checkDebugDuplicateClasses UP-TO-DATE
> Task :app:desugarDebugFileDependencies UP-TO-DATE
> Task :app:mergeExtDexDebug UP-TO-DATE
> Task :AryanYTEngine:bundleLibRuntimeToDirDebug UP-TO-DATE
> Task :app:mergeDebugJniLibFolders UP-TO-DATE
> Task :AryanYTEngine:mergeDebugJniLibFolders UP-TO-DATE
> Task :AryanYTEngine:mergeDebugNativeLibs NO-SOURCE
> Task :app:mergeLibDexDebug UP-TO-DATE
> Task :AryanYTEngine:copyDebugJniLibsProjectOnly UP-TO-DATE
> Task :app:mergeDebugNativeLibs NO-SOURCE
> Task :app:stripDebugDebugSymbols NO-SOURCE
> Task :app:validateSigningDebug UP-TO-DATE
> Task :app:processDebugManifestForPackage
> Task :app:writeDebugAppMetadata UP-TO-DATE
> Task :app:writeDebugSigningConfigVersions UP-TO-DATE
> Task :AryanYTEngine:stripDebugDebugSymbols NO-SOURCE
> Task :AryanYTEngine:copyDebugJniLibsProjectAndLocalJars UP-TO-DATE
> Task :app:mergeDebugResources
> Task :AryanYTEngine:extractDebugAnnotations UP-TO-DATE
> Task :AryanYTEngine:extractDeepLinksForAarDebug UP-TO-DATE
> Task :AryanYTEngine:mergeDebugGeneratedProguardFiles UP-TO-DATE
> Task :AryanYTEngine:mergeDebugConsumerProguardFiles UP-TO-DATE
> Task :AryanYTEngine:prepareDebugArtProfile UP-TO-DATE
> Task :AryanYTEngine:prepareLintJarForPublish UP-TO-DATE
> Task :AryanYTEngine:mergeDebugJavaResource UP-TO-DATE
> Task :AryanYTEngine:syncDebugLibJars UP-TO-DATE
> Task :AryanYTEngine:bundleDebugAar UP-TO-DATE
> Task :AryanYTEngine:assembleDebug UP-TO-DATE
> Task :app:processDebugResources
> Task :app:compileDebugJavaWithJavac
> Task :app:dexBuilderDebug
> Task :app:mergeProjectDexDebug
> Task :app:packageDebug
> Task :app:createDebugApkListingFileRedirect
> Task :app:assembleDebug

BUILD SUCCESSFUL in 4s
63 actionable tasks: 14 executed, 49 up-to-date
